### Step 2A
ramse@LAPTOP-PM87JBIL MINGW64 /c/Users
$ pwd
/c/Users

ramse@LAPTOP-PM87JBIL MINGW64 /c/Users


### Step 2B
ramse@LAPTOP-PM87JBIL MINGW64 ~
$ cd ~/OneDrive/Desktop/

ramse@LAPTOP-PM87JBIL MINGW64 ~/OneDrive/Desktop

### Step 2C
ramse@LAPTOP-PM87JBIL MINGW64 ~/OneDrive/Desktop
$ cd ~/OneDrive/Desktop/unit1-git-practice/

ramse@LAPTOP-PM87JBIL MINGW64 ~/OneDrive/Desktop/unit1-git-practice


### Step 2D
ramse@LAPTOP-PM87JBIL MINGW64 ~/OneDrive/Desktop/unit1-git-practice
$ pwd
/c/Users/ramse/OneDrive/Desktop/unit1-git-practice


### Step 2E
ramse@LAPTOP-PM87JBIL MINGW64 ~/OneDrive/Desktop/unit1-git-practice
$ ls
my-steps.txt

### Step 2F
my-steps.txt


### Step 2G
ramse@LAPTOP-PM87JBIL MINGW64 ~/OneDrive/Desktop/unit1-git-practice
$ cd ..

ramse@LAPTOP-PM87JBIL MINGW64 ~/OneDrive/Desktop
$ cd ..

ramse@LAPTOP-PM87JBIL MINGW64 ~/OneDrive


### Step 2H

ramse@LAPTOP-PM87JBIL MINGW64 ~/OneDrive
$ pwd
/c/Users/ramse/OneDrive

### Step 2I
ramse@LAPTOP-PM87JBIL MINGW64 ~/OneDrive
$ ls -a
 ./                                      Desktop/               Pictures/
 ../                                     Documentos/            desktop.ini
 .849C9593-D756-4E56-8D6E-42412F2A707B  'Personal Vault.lnk'*


### Step 2J
ramse@LAPTOP-PM87JBIL MINGW64 ~/OneDrive
$ cd ~

ramse@LAPTOP-PM87JBIL MINGW64 ~


### Step 2K
ramse@LAPTOP-PM87JBIL MINGW64 ~
$ cd ~/OneDrive/Desktop/unit1-git-practice/

ramse@LAPTOP-PM87JBIL MINGW64 ~/OneDrive/Desktop/unit1-git-practice


### Step 3A
ramse@LAPTOP-PM87JBIL MINGW64 ~/OneDrive/Desktop/unit1-git-practice
$ mkdir veggies

ramse@LAPTOP-PM87JBIL MINGW64 ~/OneDrive/Desktop/unit1-git-practice
$ mkdir meats

ramse@LAPTOP-PM87JBIL MINGW64 ~/OneDrive/Desktop/unit1-git-practice
$ mkdir desserts


### Step 3B
ramse@LAPTOP-PM87JBIL MINGW64 ~/OneDrive/Desktop/unit1-git-practice
$ mv desserts sweets

### Step 3C
ramse@LAPTOP-PM87JBIL MINGW64 ~/OneDrive/Desktop/unit1-git-practice
$ mkdir protiens

### Step 3D
ramse@LAPTOP-PM87JBIL MINGW64 ~/OneDrive/Desktop/unit1-git-practice
$ mv meats protiens

### Step 3E
ramse@LAPTOP-PM87JBIL MINGW64 ~/OneDrive/Desktop/unit1-git-practice
$ cd veggies

ramse@LAPTOP-PM87JBIL MINGW64 ~/OneDrive/Desktop/unit1-git-practice/veggies
$ touch carrot.txt

ramse@LAPTOP-PM87JBIL MINGW64 ~/OneDrive/Desktop/unit1-git-practice/veggies
$ touch pea.txt

ramse@LAPTOP-PM87JBIL MINGW64 ~/OneDrive/Desktop/unit1-git-practice/veggies


### Step 3F
ramse@LAPTOP-PM87JBIL MINGW64 ~/OneDrive/Desktop/unit1-git-practice/veggies
$ cd ..

ramse@LAPTOP-PM87JBIL MINGW64 ~/OneDrive/Desktop/unit1-git-practice
$ cd sweets

ramse@LAPTOP-PM87JBIL MINGW64 ~/OneDrive/Desktop/unit1-git-practice/sweets
$ touch cookie.txt

ramse@LAPTOP-PM87JBIL MINGW64 ~/OneDrive/Desktop/unit1-git-practice/sweets

### Step 3G
ramse@LAPTOP-PM87JBIL MINGW64 ~/OneDrive/Desktop/unit1-git-practice/sweets
$ mv cookie.txt donut.txt

### Step 3H
ramse@LAPTOP-PM87JBIL MINGW64 ~/OneDrive/Desktop/unit1-git-practice/sweets
$ cd ..

ramse@LAPTOP-PM87JBIL MINGW64 ~/OneDrive/Desktop/unit1-git-practice
$ touch thing.txt
### Step 3I
ramse@LAPTOP-PM87JBIL MINGW64 ~/OneDrive/Desktop/unit1-git-practice
$ cp thing.txt tofu.txt

### Step 3J
ramse@LAPTOP-PM87JBIL MINGW64 ~/OneDrive/Desktop/unit1-git-practice
$ mv tofu.txt proteins


### Step 3K

ramse@LAPTOP-PM87JBIL MINGW64 ~/OneDrive/Desktop/unit1-git-practice
$ cp thing.txt crab.txt

ramse@LAPTOP-PM87JBIL MINGW64 ~/OneDrive/Desktop/unit1-git-practice
$ mv crab.txt proteins/meats



### Step 3L
ramse@LAPTOP-PM87JBIL MINGW64 ~/OneDrive/Desktop/unit1-git-practice
$ rm thing.txt



### Step 3M
ramse@LAPTOP-PM87JBIL MINGW64 ~/OneDrive/Desktop/unit1-git-practice
$ cp -r veggies plants

### Step 3N
ramse@LAPTOP-PM87JBIL MINGW64 ~/OneDrive/Desktop/unit1-git-practice
$ mkdir drinks

ramse@LAPTOP-PM87JBIL MINGW64 ~/OneDrive/Desktop/unit1-git-practice
$ rm -r drinks




### Step 4
ramse@LAPTOP-PM87JBIL MINGW64 ~/OneDrive/Desktop
$ cd unit1-git-practice

ramse@LAPTOP-PM87JBIL MINGW64 ~/OneDrive/Desktop/unit1-git-practice
$ git init
Initialized empty Git repository in C:/Users/ramse/OneDrive/Desktop/unit1-git-practice/.git/

ramse@LAPTOP-PM87JBIL MINGW64 ~/OneDrive/Desktop/unit1-git-practice (master)
$ git add
Nothing specified, nothing added.
hint: Maybe you wanted to say 'git add .'?
hint: Turn this message off by running
hint: "git config advice.addEmptyPathspec false"

ramse@LAPTOP-PM87JBIL MINGW64 ~/OneDrive/Desktop/unit1-git-practice (master)
$ git add .
warning: in the working copy of 'my-steps.txt', LF will be replaced by CRLF the next time Git touches it

ramse@LAPTOP-PM87JBIL MINGW64 ~/OneDrive/Desktop/unit1-git-practice (master)
$ git commit -m 'first commit'
[master (root-commit) f64f764] first commit
 8 files changed, 182 insertions(+)
 create mode 100644 my-steps.txt
 create mode 100644 plants/carrot.txt
 create mode 100644 plants/pea.txt
 create mode 100644 proteins/meats/crab.txt
 create mode 100644 proteins/tofu.txt
 create mode 100644 sweets/donut.txt
 create mode 100644 veggies/carrot.txt
 create mode 100644 veggies/pea.txt


### Step 5
ramse@LAPTOP-PM87JBIL MINGW64 ~/OneDrive/Desktop/unit1-git-practice (master)
$ git remote add origin https://github.com/L-Code23/Unit1-git-practice.git
git branch -M main
git push -u origin main
Enumerating objects: 8, done.
Counting objects: 100% (8/8), done.
Delta compression using up to 8 threads
Compressing objects: 100% (5/5), done.
Writing objects: 100% (8/8), 1.13 KiB | 578.00 KiB/s, done.
Total 8 (delta 0), reused 0 (delta 0), pack-reused 0 (from 0)
To https://github.com/L-Code23/Unit1-git-practice.git
 * [new branch]      main -> main
branch 'main' set up to track 'origin/main'.


### Step 6
ramse@LAPTOP-PM87JBIL MINGW64 ~/OneDrive/Desktop/unit1-git-practice (main)
$ git add menu.txt

ramse@LAPTOP-PM87JBIL MINGW64 ~/OneDrive/Desktop/unit1-git-practice (main)
$ git add my-steps.txt
warning: in the working copy of 'my-steps.txt', LF will be replaced by CRLF the next time Git touches it

ramse@LAPTOP-PM87JBIL MINGW64 ~/OneDrive/Desktop/unit1-git-practice (main)
$ git commit -m 'second commit adding menu.txt file and updates to my-steps file'
[main 53fca35] second commit adding menu.txt file and updates to my-steps file
 2 files changed, 44 insertions(+)
 create mode 100644 menu.txt

ramse@LAPTOP-PM87JBIL MINGW64 ~/OneDrive/Desktop/unit1-git-practice (main)
$ git push
Enumerating objects: 6, done.
Counting objects: 100% (6/6), done.
Delta compression using up to 8 threads
Compressing objects: 100% (3/3), done.
Writing objects: 100% (4/4), 1.13 KiB | 579.00 KiB/s, done.
Total 4 (delta 1), reused 0 (delta 0), pack-reused 0 (from 0)
remote: Resolving deltas: 100% (1/1), completed with 1 local object.
To https://github.com/L-Code23/Unit1-git-practice.git
   f64f764..53fca35  main -> main



### Step 7
*** DO NOT RECORD STEP 7 ***